// Jest Snapshot v1, https://goo.gl/fbAQLP

exports[`Options fallback {Function} 1`] = `"throw new Error(\\"Module build failed: Error: schema is invalid: data.properties['fallback'].type should be equal to one of the allowed values, data.properties['fallback'].type[1] should be equal to one of the allowed values, data.properties['fallback'].type should match some schema in anyOf\\\\n    at Ajv.validateSchema (D:\\\\\\\\git\\\\\\\\luigiplr\\\\\\\\url-loader\\\\\\\\node_modules\\\\\\\\ajv\\\\\\\\lib\\\\\\\\ajv.js:188:16)\\\\n    at Ajv._addSchema (D:\\\\\\\\git\\\\\\\\luigiplr\\\\\\\\url-loader\\\\\\\\node_modules\\\\\\\\ajv\\\\\\\\lib\\\\\\\\ajv.js:317:10)\\\\n    at Ajv.validate (D:\\\\\\\\git\\\\\\\\luigiplr\\\\\\\\url-loader\\\\\\\\node_modules\\\\\\\\ajv\\\\\\\\lib\\\\\\\\ajv.js:97:26)\\\\n    at validateOptions (D:\\\\\\\\git\\\\\\\\luigiplr\\\\\\\\url-loader\\\\\\\\node_modules\\\\\\\\schema-utils\\\\\\\\dist\\\\\\\\validateOptions.js:48:12)\\\\n    at Object.loader (D:\\\\\\\\git\\\\\\\\luigiplr\\\\\\\\url-loader\\\\\\\\src\\\\\\\\index.js:22:84)\\");"`;

exports[`Options fallback {String} 1`] = `"throw new Error(\\"Module build failed: Error: schema is invalid: data.properties['fallback'].type should be equal to one of the allowed values, data.properties['fallback'].type[1] should be equal to one of the allowed values, data.properties['fallback'].type should match some schema in anyOf\\\\n    at Ajv.validateSchema (D:\\\\\\\\git\\\\\\\\luigiplr\\\\\\\\url-loader\\\\\\\\node_modules\\\\\\\\ajv\\\\\\\\lib\\\\\\\\ajv.js:188:16)\\\\n    at Ajv._addSchema (D:\\\\\\\\git\\\\\\\\luigiplr\\\\\\\\url-loader\\\\\\\\node_modules\\\\\\\\ajv\\\\\\\\lib\\\\\\\\ajv.js:317:10)\\\\n    at Ajv.validate (D:\\\\\\\\git\\\\\\\\luigiplr\\\\\\\\url-loader\\\\\\\\node_modules\\\\\\\\ajv\\\\\\\\lib\\\\\\\\ajv.js:97:26)\\\\n    at validateOptions (D:\\\\\\\\git\\\\\\\\luigiplr\\\\\\\\url-loader\\\\\\\\node_modules\\\\\\\\schema-utils\\\\\\\\dist\\\\\\\\validateOptions.js:48:12)\\\\n    at Object.loader (D:\\\\\\\\git\\\\\\\\luigiplr\\\\\\\\url-loader\\\\\\\\src\\\\\\\\index.js:22:84)\\");"`;
